
> siti-vetrina@0.1.0 build C:\Users\User\Desktop\Proximatica\siti-vetrina
> next build

Ôû▓ Next.js 16.2.0 (Turbopack)
- Environments: .env.local

  Creating an optimized production build ...
node.exe : Turbopack build 
encountered 1 warnings:
In C:\Users\User\AppData\Roam
ing\npm\pnpm.ps1:24 car:5
+     & "node$exe"  "$basedir
/node_modules/pnpm/bin/pnpm.c
js" $args
+     ~~~~~~~~~~~~~~~~~~~~~~~
~~~~~~~~~~~~~~~~~~~~~~~~~~~~~
~~~~~~~~~
    + CategoryInfo           
   : NotSpecified: (Turbopa  
  ck build encountered 1 w   
 arnings::String) [], Rem    
oteException
    + FullyQualifiedErrorId  
   : NativeCommandError
 
./next.config.ts
Encountered unexpected file 
in NFT list
A file was traced that 
indicates that the whole 
project was traced 
unintentionally. Somewhere 
in the import trace below, 
there are:
- filesystem operations 
(like path.join, 
path.resolve or 
fs.readFile), or
- very dynamic requires 
(like require('./' + foo)).
To resolve this, you can
- remove them if possible, or
- only use them in 
development, or
- make sure they are 
statically scoped to some 
subfolder: 
path.join(process.cwd(), 
'data', bar), or
- add ignore comments: 
path.join(/*turbopackIgnore: 
true*/ process.cwd(), bar)

Import trace:
  Server Component:
    ./next.config.ts
    ./app/actions/deploy.ts


Ô£ô Compiled successfully in 110s
  Running TypeScript ...
Failed to type check.

.next/dev/types/routes.d.ts:6
1:3
Type error: ';' expected.

  [90m59 |[0m   }
  [90m60 |[0m }
[31m[1m>[0m [90m61 |[0m 
[32m``[0mtsx
  [90m   |[0m   
[31m[1m^[0m
  [90m62 |[0m    * 
[36mexport[0m 
[36mdefault[0m 
[36mfunction[0m 
[33mLayout[0m(props: [33mL
ayoutProps[0m<[32m'/dashboa
rd'[0m>) {
  [90m63 |[0m    *   
[36mreturn[0m 
<div>{props.children}</div>
  [90m64 |[0m    * }
Next.js build worker exited 
with code: 1 and signal: null
ÔÇëELIFECYCLEÔÇë Command failed with exit code 1.
